Microchip MPLAB XC8 Compiler V2.00 ()

Linker command line:

-W-3 --edf=C:\Program Files (x86)\Microchip\xc8\v2.00\pic\dat\en_msgs.txt \
  -cs -h+dist/default/production\SerialCOM.X.production.sym \
  --cmf=dist/default/production\SerialCOM.X.production.cmf -z -Q18F4550 \
  -oC:\Users\c4810\AppData\Local\Temp\s5r0.2 --defsym=__MPLAB_BUILD=1 \
  -Mdist/default/production/SerialCOM.X.production.map -E1 -ver=XC8 \
  --acfsm=1493 -ASTACK=07Ah-07ffh -pstack=STACK -ACODE=020h-07D00h \
  -ACONST=020h-07D00h -ASMALLCONST=0800h-08FFhx117,07D00h-07D00h \
  -AMEDIUMCONST=0800h-07D00h -ACOMRAM=01h-05Fh -AABS1=00h-07FFh \
  -ABIGRAM=01h-07FFh -ARAM=060h-0FFh,0100h-01FFhx7 -ABANK0=060h-0FFh \
  -ABANK1=0100h-01FFh -ABANK2=0200h-02FFh -ABANK3=0300h-03FFh \
  -ABANK4=0400h-04FFh -ABANK5=0500h-05FFh -ABANK6=0600h-06FFh \
  -ABANK7=0700h-07FFh -ASFR=0F60h-0FFFh \
  -preset_vec=00h,intcode=08h,intcodelo,powerup,init -pramtop=0800h \
  -psmallconst=SMALLCONST -pmediumconst=MEDIUMCONST -pconst=CONST \
  -AFARRAM=00h-00h -ACONFIG=0300000h-030000Dh -pconfig=CONFIG \
  -AIDLOC=0200000h-0200007h -pidloc=IDLOC -AEEDATA=0F00000h-0F000FFh \
  -peeprom_data=EEDATA \
  -prdata=COMRAM,nvrram=COMRAM,nvbit=COMRAM,rbss=COMRAM,rbit=COMRAM \
  -pfarbss=FARRAM,fardata=FARRAM,nvFARRAM=FARRAM \
  -pintsave_regs=BIGRAM,bigbss=BIGRAM,bigdata=BIGRAM -pbss=RAM \
  -pidata=CODE,irdata=CODE,ibigdata=CODE,ifardata=CODE -prparam=COMRAM \
  C:\Users\c4810\AppData\Local\Temp\s5r0.o \
  dist/default/production\SerialCOM.X.production.o 

Object code version is 3.11

Machine type is 18F4550

Call graph: (short form)




                Name                               Link     Load   Length Selector   Space Scale
C:\Users\c4810\AppData\Local\Temp\s5r0.o
                init                                  E        E        4        4       0
                reset_vec                             0        0        4        0       0
                idloc                            200000   200000        8   200000       0
                config                           300000   300000        E   300000       0
dist/default/production\SerialCOM.X.production.o
                intcode                               8        8        6        4       0
                temp                                 5F       5F        1        1       1
                intcode_body                       637A     637A       30     31BD       0
                text29                             6274     6274       16     313A       0
                text28                             6680     6680      134     3340       0
                text27                             64C2     64C2       6E     3261       0
                text26                             6248     6248        C     3124       0
                text25                             6530     6530       6E     3298       0
                text24                             6254     6254        C     312A       0
                text23                             63AA     63AA       32     31D5       0
                text22                             6260     6260       14     3130       0
                text21                             6238     6238        2     311C       0
                text20                             623A     623A        6     311D       0
                text19                             628A     628A       16     3145       0
                text18                             6CFE     6CFE      220     367F       0
                text17                             62A0     62A0       1A     3150       0
                text16                             62BA     62BA       1A     315D       0
                text15                             6418     6418       54     320C       0
                text14                             7472     7472      420     3A39       0
                text13                             7892     7892      46E     3C49       0
                text12                             67B4     67B4      152     33DA       0
                text11                             6906     6906      1DC     3483       0
                text10                             6AE2     6AE2      21C     3571       0
                text9                              62D4     62D4       1A     316A       0
                text8                              62EE     62EE       1A     3177       0
                text7                              6308     6308       1A     3184       0
                text6                              6322     6322       1A     3191       0
                text5                              633C     633C       1A     319E       0
                text4                              713E     713E      334     389F       0
                text3                              659E     659E       E2     32CF       0
                text2                              6F1E     6F1E      220     378F       0
                text1                              646C     646C       56     3236       0
                text0                              6356     6356       24     31AB       0
                cstackCOMRAM                          1        1       5E        1       1
                cstackBANK0                          67       67        7       60       1
                dataBANK0                            60       60        7       60       1
                bssBANK0                             74       74        6       60       1
                cinit                              63DC     63DC       3C     31EE       0
                nvBANK0                              6E       6E        6       60       1
                idataBANK0                         6241     6241        7     6241       0

TOTAL           Name                               Link     Load   Length     Space
        CLASS   STACK          

        CLASS   CODE           
                intcode                               8        8        6         0
                init                                  E        E        4         0
                reset_vec                             0        0        4         0
                intcode_body                       637A     637A       30         0
                text29                             6274     6274       16         0
                text28                             6680     6680      134         0
                text27                             64C2     64C2       6E         0
                text26                             6248     6248        C         0
                text25                             6530     6530       6E         0
                text24                             6254     6254        C         0
                text23                             63AA     63AA       32         0
                text22                             6260     6260       14         0
                text21                             6238     6238        2         0
                text20                             623A     623A        6         0
                text19                             628A     628A       16         0
                text18                             6CFE     6CFE      220         0
                text17                             62A0     62A0       1A         0
                text16                             62BA     62BA       1A         0
                text15                             6418     6418       54         0
                text14                             7472     7472      420         0
                text13                             7892     7892      46E         0
                text12                             67B4     67B4      152         0
                text11                             6906     6906      1DC         0
                text10                             6AE2     6AE2      21C         0
                text9                              62D4     62D4       1A         0
                text8                              62EE     62EE       1A         0
                text7                              6308     6308       1A         0
                text6                              6322     6322       1A         0
                text5                              633C     633C       1A         0
                text4                              713E     713E      334         0
                text3                              659E     659E       E2         0
                text2                              6F1E     6F1E      220         0
                text1                              646C     646C       56         0
                text0                              6356     6356       24         0
                cinit                              63DC     63DC       3C         0
                idataBANK0                         6241     6241        7         0

        CLASS   CONST          

        CLASS   SMALLCONST     

        CLASS   MEDIUMCONST    

        CLASS   COMRAM         
                temp                                 5F       5F        1         1
                cstackCOMRAM                          1        1       5E         1

        CLASS   ABS1           

        CLASS   BIGRAM         

        CLASS   RAM            

        CLASS   BANK0          
                cstackBANK0                          67       67        7         1
                dataBANK0                            60       60        7         1
                bssBANK0                             74       74        6         1
                nvBANK0                              6E       6E        6         1

        CLASS   BANK1          

        CLASS   BANK2          

        CLASS   BANK3          

        CLASS   BANK4          

        CLASS   BANK5          

        CLASS   BANK6          

        CLASS   BANK7          

        CLASS   SFR            

        CLASS   FARRAM         

        CLASS   CONFIG         
                config                           300000   300000        E         0

        CLASS   IDLOC          
                idloc                            200000   200000        8         0

        CLASS   EEDATA         



SEGMENTS        Name                           Load    Length   Top    Selector   Space  Class

                reset_vec                      000000  000004  000004         0       0  CODE    
                cstackCOMRAM                   000001  00005F  000060         1       1  COMRAM  
                intcode                        000008  00000A  000012         4       0  CODE    
                dataBANK0                      000060  00001A  00007A        60       1  BANK0   
                text21                         006238  000002  00623A      311C       0  CODE    
                text20                         00623A  000006  006240      311D       0  CODE    
                idataBANK0                     006241  000007  006248      6241       0  CODE    
                text26                         006248  00000C  006254      3124       0  CODE    
                text24                         006254  00000C  006260      312A       0  CODE    
                text22                         006260  000014  006274      3130       0  CODE    
                text29                         006274  000016  00628A      313A       0  CODE    
                text19                         00628A  000016  0062A0      3145       0  CODE    
                text17                         0062A0  00001A  0062BA      3150       0  CODE    
                text16                         0062BA  00001A  0062D4      315D       0  CODE    
                text9                          0062D4  00001A  0062EE      316A       0  CODE    
                text8                          0062EE  00001A  006308      3177       0  CODE    
                text7                          006308  00001A  006322      3184       0  CODE    
                text6                          006322  00001A  00633C      3191       0  CODE    
                text5                          00633C  00001A  006356      319E       0  CODE    
                text0                          006356  000024  00637A      31AB       0  CODE    
                intcode_body                   00637A  000030  0063AA      31BD       0  CODE    
                text23                         0063AA  000032  0063DC      31D5       0  CODE    
                cinit                          0063DC  00003C  006418      31EE       0  CODE    
                text15                         006418  000054  00646C      320C       0  CODE    
                text1                          00646C  000056  0064C2      3236       0  CODE    
                text27                         0064C2  00006E  006530      3261       0  CODE    
                text25                         006530  00006E  00659E      3298       0  CODE    
                text3                          00659E  0000E2  006680      32CF       0  CODE    
                text28                         006680  000134  0067B4      3340       0  CODE    
                text12                         0067B4  000152  006906      33DA       0  CODE    
                text11                         006906  0001DC  006AE2      3483       0  CODE    
                text10                         006AE2  00021C  006CFE      3571       0  CODE    
                text18                         006CFE  000220  006F1E      367F       0  CODE    
                text2                          006F1E  000220  00713E      378F       0  CODE    
                text4                          00713E  000334  007472      389F       0  CODE    
                text14                         007472  000420  007892      3A39       0  CODE    
                text13                         007892  00046E  007D00      3C49       0  CODE    
                idloc                          200000  000008  200008    200000       0  IDLOC   
                config                         300000  00000E  30000E    300000       0  CONFIG  


UNUSED ADDRESS RANGES

        Name                Unused          Largest block    Delta
        BANK0            00007A-0000FF               86
        BANK1            000100-0001FF              100
        BANK2            000200-0002FF              100
        BANK3            000300-0003FF              100
        BANK4            000400-0004FF              100
        BANK5            000500-0005FF              100
        BANK6            000600-0006FF              100
        BANK7            000700-0007FF              100
        BIGRAM           00007A-0007FF              786
        CODE             000020-006237             6218
                         006240-006240                1
                         007D00-007D00                1
        CONST            000020-006237             6218
                         006240-006240                1
                         007D00-007D00                1
        EEDATA           F00000-F000FF              100
        MEDIUMCONST      000800-006237             5A38
                         006240-006240                1
                         007D00-007D00                1
        RAM              00007A-0007FF              100
        SFR              000F60-000FFF               A0
        SMALLCONST       000800-006237              100
                         006240-006240                1
                         007D00-007D00                1
        STACK            00007A-0007FF              786

                                  Symbol Table

?_PWM_Max_Duty                 cstackCOMRAM 00000F
?___aldiv                      cstackCOMRAM 000001
?___fldiv                      cstackCOMRAM 000023
?___flmul                      cstackCOMRAM 00003C
?___fltol                      cstackCOMRAM 000055
?___xxtofl                     cstackCOMRAM 000015
PWM1_Init@fre                  cstackCOMRAM 00000F
PWM2_Init@fre                  cstackCOMRAM 00000F
RobotAdelante@velocidad        cstackBANK0  00006C
RobotCCW@velocidad             cstackBANK0  00006C
RobotCW@velocidad              cstackBANK0  00006C
_ADCConfig                     text29       006274
_ADCON0                        (abs)        000FC2
_ADCON0bits                    (abs)        000FC2
_ADCON1                        (abs)        000FC1
_ADCON2                        (abs)        000FC0
_ADRESH                        (abs)        000FC4
_ADRESL                        (abs)        000FC3
_BRGH                          (abs)        007D62
_CCP1CONbits                   (abs)        000FBD
_CCP1M2                        (abs)        007DEA
_CCP1M3                        (abs)        007DEB
_CCP2CONbits                   (abs)        000FBA
_CCP2M2                        (abs)        007DD2
_CCP2M3                        (abs)        007DD3
_CCPConfig                     text23       0063AA
_CCPR1L                        (abs)        000FBE
_CCPR2L                        (abs)        000FBB
_CREN                          (abs)        007D5C
_FERR                          (abs)        007D5A
_INTCONbits                    (abs)        000FF2
_LATAbits                      (abs)        000F89
_LATBbits                      (abs)        000F8A
_LATCbits                      (abs)        000F8B
_LATDbits                      (abs)        000F8C
_M1Adelante                    text17       0062A0
_M1Atras                       text6        006322
_M2Adelante                    text16       0062BA
_M2Atras                       text8        0062EE
_OERR                          (abs)        007D59
_PORTAbits                     (abs)        000F80
_PORTBbits                     (abs)        000F81
_PORTCbits                     (abs)        000F82
_PORTDbits                     (abs)        000F83
_PORTEbits                     (abs)        000F84
_PORTSConfiguration            text22       006260
_PR2                           (abs)        000FCB
_PWM                           dataBANK0    000062
_PWM1_Init                     text27       0064C2
_PWM1_Start                    text26       006248
_PWM2_Init                     text25       006530
_PWM2_Start                    text24       006254
_PWM_Max_Duty                  text15       006418
_RCIDL                         (abs)        007DC6
_RCIF                          (abs)        007CF5
_RCREG                         (abs)        000FAE
_RobotAdelante                 text9        0062D4
_RobotCCW                      text7        006308
_RobotCW                       text5        00633C
_SPBRG                         (abs)        000FAF
_SPBRG_Register                nvBANK0      00006E
_SPEN                          (abs)        007D5F
_SYNC                          (abs)        007D64
_SensorDer                     dataBANK0    000060
_SensorIzq                     dataBANK0    000061
_T1CON                         (abs)        000FCD
_T1CONbits                     (abs)        000FCD
_T2CKPS0                       (abs)        007E50
_T2CKPS1                       (abs)        007E51
_TMR0                          (abs)        000FD6
_TMR0Config                    text21       006238
_TMR0H                         (abs)        000FD7
_TMR0L                         (abs)        000FD6
_TMR1Config                    text20       00623A
_TMR1H                         (abs)        000FCF
_TMR1L                         (abs)        000FCE
_TMR2ON                        (abs)        007E52
_TRISA                         (abs)        000F92
_TRISAbits                     (abs)        000F92
_TRISB                         (abs)        000F93
_TRISBbits                     (abs)        000F93
_TRISC                         (abs)        000F94
_TRISC6                        (abs)        007CA6
_TRISC7                        (abs)        007CA7
_TRISCbits                     (abs)        000F94
_TRISD                         (abs)        000F95
_TRISDbits                     (abs)        000F95
_TRISEbits                     (abs)        000F96
_TRMT                          (abs)        007D61
_TXEN                          (abs)        007D65
_TXREG                         (abs)        000FAD
_TimerOverflow                 intcode      000008
__CFG_BOR$OFF                  (abs)        000000
__CFG_BORV$3                   (abs)        000000
__CFG_CCP2MX$ON                (abs)        000000
__CFG_CP0$OFF                  (abs)        000000
__CFG_CP1$OFF                  (abs)        000000
__CFG_CP2$OFF                  (abs)        000000
__CFG_CP3$OFF                  (abs)        000000
__CFG_CPB$OFF                  (abs)        000000
__CFG_CPD$OFF                  (abs)        000000
__CFG_CPUDIV$OSC3_PLL4         (abs)        000000
__CFG_EBTR0$OFF                (abs)        000000
__CFG_EBTR1$OFF                (abs)        000000
__CFG_EBTR2$OFF                (abs)        000000
__CFG_EBTR3$OFF                (abs)        000000
__CFG_EBTRB$OFF                (abs)        000000
__CFG_FCMEN$OFF                (abs)        000000
__CFG_FOSC$HSPLL_HS            (abs)        000000
__CFG_ICPRT$OFF                (abs)        000000
__CFG_IESO$OFF                 (abs)        000000
__CFG_LPT1OSC$OFF              (abs)        000000
__CFG_LVP$OFF                  (abs)        000000
__CFG_MCLRE$ON                 (abs)        000000
__CFG_PBADEN$OFF               (abs)        000000
__CFG_PLLDIV$5                 (abs)        000000
__CFG_PWRT$OFF                 (abs)        000000
__CFG_STVREN$ON                (abs)        000000
__CFG_USBDIV$1                 (abs)        000000
__CFG_VREGEN$OFF               (abs)        000000
__CFG_WDT$OFF                  (abs)        000000
__CFG_WDTPS$32768              (abs)        000000
__CFG_WRT0$OFF                 (abs)        000000
__CFG_WRT1$OFF                 (abs)        000000
__CFG_WRT2$OFF                 (abs)        000000
__CFG_WRT3$OFF                 (abs)        000000
__CFG_WRTB$OFF                 (abs)        000000
__CFG_WRTC$OFF                 (abs)        000000
__CFG_WRTD$OFF                 (abs)        000000
__CFG_XINST$OFF                (abs)        000000
__HRAM                         (abs)        000000
__Habs1                        abs1         000000
__Hbank0                       bank0        000000
__Hbank1                       bank1        000000
__Hbank2                       bank2        000000
__Hbank3                       bank3        000000
__Hbank4                       bank4        000000
__Hbank5                       bank5        000000
__Hbank6                       bank6        000000
__Hbank7                       bank7        000000
__Hbigbss                      bigbss       000000
__Hbigdata                     bigdata      000000
__Hbigram                      bigram       000000
__Hbss                         bss          000000
__HbssBANK0                    bssBANK0     000000
__Hcinit                       cinit        000000
__Hclrtext                     clrtext      000000
__Hcomram                      comram       000000
__Hconfig                      config       30000E
__Hconst                       const        000000
__HcstackBANK0                 cstackBANK0  000000
__HcstackCOMRAM                cstackCOMRAM 000000
__Hdata                        data         000000
__HdataBANK0                   dataBANK0    000000
__Heeprom_data                 eeprom_data  000000
__Hfarbss                      farbss       000000
__Hfardata                     fardata      000000
__Hibigdata                    ibigdata     000000
__Hidata                       idata        000000
__HidataBANK0                  idataBANK0   000000
__Hidloc                       idloc        200008
__Hifardata                    ifardata     000000
__Hinit                        init         000012
__Hintcode                     intcode      00000E
__Hintcode_body                intcode_body 000000
__Hintcodelo                   intcodelo    00000E
__Hintentry                    intentry     000000
__Hintret                      intret       000000
__Hintsave_regs                intsave_regs 000000
__Hirdata                      irdata       000000
__Hmediumconst                 mediumconst  000000
__HnvBANK0                     nvBANK0      000000
__HnvFARRAM                    nvFARRAM     000000
__Hnvbit                       nvbit        000000
__Hnvrram                      nvrram       000000
__Hparam                       rparam       000000
__Hpowerup                     powerup      00000E
__Hram                         ram          000000
__Hramtop                      ramtop       000800
__Hrbit                        rbit         000000
__Hrbss                        rbss         000000
__Hrdata                       rdata        000000
__Hreset_vec                   reset_vec    000004
__Hrparam                      rparam       000000
__Hsfr                         sfr          000000
__Hsmallconst                  smallconst   000000
__Hspace_0                     (abs)        30000E
__Hspace_1                     (abs)        00007A
__Hspace_2                     (abs)        000000
__Hstack                       stack        000000
__Hstruct                      struct       000000
__Htemp                        temp         000060
__Htext                        text         000000
__Htext0                       text0        000000
__Htext1                       text1        000000
__Htext10                      text10       000000
__Htext11                      text11       000000
__Htext12                      text12       000000
__Htext13                      text13       000000
__Htext14                      text14       000000
__Htext15                      text15       000000
__Htext16                      text16       000000
__Htext17                      text17       000000
__Htext18                      text18       000000
__Htext19                      text19       000000
__Htext2                       text2        000000
__Htext20                      text20       000000
__Htext21                      text21       000000
__Htext22                      text22       000000
__Htext23                      text23       000000
__Htext24                      text24       000000
__Htext25                      text25       000000
__Htext26                      text26       000000
__Htext27                      text27       000000
__Htext28                      text28       000000
__Htext29                      text29       000000
__Htext3                       text3        000000
__Htext4                       text4        000000
__Htext5                       text5        000000
__Htext6                       text6        000000
__Htext7                       text7        000000
__Htext8                       text8        000000
__Htext9                       text9        000000
__LRAM                         (abs)        000001
__Labs1                        abs1         000000
__Lbank0                       bank0        000000
__Lbank1                       bank1        000000
__Lbank2                       bank2        000000
__Lbank3                       bank3        000000
__Lbank4                       bank4        000000
__Lbank5                       bank5        000000
__Lbank6                       bank6        000000
__Lbank7                       bank7        000000
__Lbigbss                      bigbss       000000
__Lbigdata                     bigdata      000000
__Lbigram                      bigram       000000
__Lbss                         bss          000000
__LbssBANK0                    bssBANK0     000000
__Lcinit                       cinit        000000
__Lclrtext                     clrtext      000000
__Lcomram                      comram       000000
__Lconfig                      config       300000
__Lconst                       const        000000
__LcstackBANK0                 cstackBANK0  000000
__LcstackCOMRAM                cstackCOMRAM 000000
__Ldata                        data         000000
__LdataBANK0                   dataBANK0    000000
__Leeprom_data                 eeprom_data  000000
__Lfarbss                      farbss       000000
__Lfardata                     fardata      000000
__Libigdata                    ibigdata     000000
__Lidata                       idata        000000
__LidataBANK0                  idataBANK0   000000
__Lidloc                       idloc        200000
__Lifardata                    ifardata     000000
__Linit                        init         00000E
__Lintcode                     intcode      000008
__Lintcode_body                intcode_body 000000
__Lintcodelo                   intcodelo    00000E
__Lintentry                    intentry     000000
__Lintret                      intret       000000
__Lintsave_regs                intsave_regs 000000
__Lirdata                      irdata       000000
__Lmediumconst                 mediumconst  000000
__LnvBANK0                     nvBANK0      000000
__LnvFARRAM                    nvFARRAM     000000
__Lnvbit                       nvbit        000000
__Lnvrram                      nvrram       000000
__Lparam                       rparam       000000
__Lpowerup                     powerup      00000E
__Lram                         ram          000000
__Lramtop                      ramtop       000800
__Lrbit                        rbit         000000
__Lrbss                        rbss         000000
__Lrdata                       rdata        000000
__Lreset_vec                   reset_vec    000000
__Lrparam                      rparam       000000
__Lsfr                         sfr          000000
__Lsmallconst                  smallconst   000000
__Lspace_0                     (abs)        000000
__Lspace_1                     (abs)        000000
__Lspace_2                     (abs)        000000
__Lstack                       stack        000000
__Lstruct                      struct       000000
__Ltemp                        temp         00005F
__Ltext                        text         000000
__Ltext0                       text0        000000
__Ltext1                       text1        000000
__Ltext10                      text10       000000
__Ltext11                      text11       000000
__Ltext12                      text12       000000
__Ltext13                      text13       000000
__Ltext14                      text14       000000
__Ltext15                      text15       000000
__Ltext16                      text16       000000
__Ltext17                      text17       000000
__Ltext18                      text18       000000
__Ltext19                      text19       000000
__Ltext2                       text2        000000
__Ltext20                      text20       000000
__Ltext21                      text21       000000
__Ltext22                      text22       000000
__Ltext23                      text23       000000
__Ltext24                      text24       000000
__Ltext25                      text25       000000
__Ltext26                      text26       000000
__Ltext27                      text27       000000
__Ltext28                      text28       000000
__Ltext29                      text29       000000
__Ltext3                       text3        000000
__Ltext4                       text4        000000
__Ltext5                       text5        000000
__Ltext6                       text6        000000
__Ltext7                       text7        000000
__Ltext8                       text8        000000
__Ltext9                       text9        000000
__S0                           (abs)        30000E
__S1                           (abs)        00007A
__S2                           (abs)        000000
___aldiv                       text28       006680
___aldiv@counter               cstackCOMRAM 000009
___aldiv@dividend              cstackCOMRAM 000001
___aldiv@divisor               cstackCOMRAM 000005
___aldiv@quotient              cstackCOMRAM 00000B
___aldiv@sign                  cstackCOMRAM 00000A
___fldiv                       text14       007472
___fldiv@a                     cstackCOMRAM 000027
___fldiv@aexp                  cstackCOMRAM 00003B
___fldiv@b                     cstackCOMRAM 000023
___fldiv@bexp                  cstackCOMRAM 00003A
___fldiv@grs                   cstackCOMRAM 000036
___fldiv@new_exp               cstackCOMRAM 000034
___fldiv@rem                   cstackCOMRAM 00002F
___fldiv@sign                  cstackCOMRAM 000033
___flmul                       text13       007892
___flmul@a                     cstackCOMRAM 000040
___flmul@aexp                  cstackCOMRAM 00004D
___flmul@b                     cstackCOMRAM 00003C
___flmul@bexp                  cstackCOMRAM 00004E
___flmul@grs                   cstackCOMRAM 000049
___flmul@prod                  cstackCOMRAM 00004F
___flmul@sign                  cstackCOMRAM 000048
___flmul@temp                  cstackCOMRAM 000053
___fltol                       text12       0067B4
___fltol@exp1                  cstackCOMRAM 00005E
___fltol@f1                    cstackCOMRAM 000055
___fltol@sign1                 cstackCOMRAM 00005D
___inthi_sp                    stack        000000
___intlo_sp                    stack        000000
___param_bank                  (abs)        000000
___rparam_used                 (abs)        000001
___sp                          stack        000000
___xxtofl                      text11       006906
___xxtofl@arg                  cstackCOMRAM 00001F
___xxtofl@exp                  cstackCOMRAM 00001E
___xxtofl@sign                 cstackCOMRAM 00001D
___xxtofl@val                  cstackCOMRAM 000015
__accesstop                    (abs)        000060
__activetblptr                 (abs)        000002
__end_of_ADCConfig             text29       00628A
__end_of_CCPConfig             text23       0063DC
__end_of_M1Adelante            text17       0062BA
__end_of_M1Atras               text6        00633C
__end_of_M2Adelante            text16       0062D4
__end_of_M2Atras               text8        006308
__end_of_PORTSConfiguration    text22       006274
__end_of_PWM1_Init             text27       006530
__end_of_PWM1_Start            text26       006254
__end_of_PWM2_Init             text25       00659E
__end_of_PWM2_Start            text24       006260
__end_of_PWM_Max_Duty          text15       00646C
__end_of_RobotAdelante         text9        0062EE
__end_of_RobotCCW              text7        006322
__end_of_RobotCW               text5        006356
__end_of_TMR0Config            text21       00623A
__end_of_TMR1Config            text20       006240
__end_of_TimerOverflow         intcode_body 0063AA
__end_of___aldiv               text28       0067B4
__end_of___fldiv               text14       007892
__end_of___flmul               text13       007D00
__end_of___fltol               text12       006906
__end_of___xxtofl              text11       006AE2
__end_of__initialization       cinit        00640A
__end_of_analogWrite           text10       006CFE
__end_of_configuracionInicial  text19       0062A0
__end_of_digitalRead           text4        007472
__end_of_digitalWrite          text18       006F1E
__end_of_loop                  text3        006680
__end_of_main                  text0        00637A
__end_of_pinMode               text2        00713E
__end_of_setup                 text1        0064C2
__initialization               cinit        0063DC
__mediumconst                  mediumconst  000000
__pbssBANK0                    bssBANK0     000074
__pcinit                       cinit        0063DC
__pcstackBANK0                 cstackBANK0  000067
__pcstackCOMRAM                cstackCOMRAM 000001
__pdataBANK0                   dataBANK0    000060
__pidataBANK0                  idataBANK0   006241
__pintcode                     intcode      000008
__pintcode_body                intcode_body 00637A
__pnvBANK0                     nvBANK0      00006E
__ptext0                       text0        006356
__ptext1                       text1        00646C
__ptext10                      text10       006AE2
__ptext11                      text11       006906
__ptext12                      text12       0067B4
__ptext13                      text13       007892
__ptext14                      text14       007472
__ptext15                      text15       006418
__ptext16                      text16       0062BA
__ptext17                      text17       0062A0
__ptext18                      text18       006CFE
__ptext19                      text19       00628A
__ptext2                       text2        006F1E
__ptext20                      text20       00623A
__ptext21                      text21       006238
__ptext22                      text22       006260
__ptext23                      text23       0063AA
__ptext24                      text24       006254
__ptext25                      text25       006530
__ptext26                      text26       006248
__ptext27                      text27       0064C2
__ptext28                      text28       006680
__ptext29                      text29       006274
__ptext3                       text3        00659E
__ptext4                       text4        00713E
__ptext5                       text5        00633C
__ptext6                       text6        006322
__ptext7                       text7        006308
__ptext8                       text8        0062EE
__ptext9                       text9        0062D4
__ramtop                       ramtop       000800
__size_of_ADCConfig            (abs)        000000
__size_of_CCPConfig            (abs)        000000
__size_of_M1Adelante           (abs)        000000
__size_of_M1Atras              (abs)        000000
__size_of_M2Adelante           (abs)        000000
__size_of_M2Atras              (abs)        000000
__size_of_PORTSConfiguration   (abs)        000000
__size_of_PWM1_Init            (abs)        000000
__size_of_PWM1_Start           (abs)        000000
__size_of_PWM2_Init            (abs)        000000
__size_of_PWM2_Start           (abs)        000000
__size_of_PWM_Max_Duty         (abs)        000000
__size_of_RobotAdelante        (abs)        000000
__size_of_RobotCCW             (abs)        000000
__size_of_RobotCW              (abs)        000000
__size_of_TMR0Config           (abs)        000000
__size_of_TMR1Config           (abs)        000000
__size_of_TimerOverflow        (abs)        000000
__size_of___aldiv              (abs)        000000
__size_of___fldiv              (abs)        000000
__size_of___flmul              (abs)        000000
__size_of___fltol              (abs)        000000
__size_of___xxtofl             (abs)        000000
__size_of_analogWrite          (abs)        000000
__size_of_configuracionInicial (abs)        000000
__size_of_digitalRead          (abs)        000000
__size_of_digitalWrite         (abs)        000000
__size_of_loop                 (abs)        000000
__size_of_main                 (abs)        000000
__size_of_pinMode              (abs)        000000
__size_of_setup                (abs)        000000
__smallconst                   smallconst   000000
_analogWrite                   text10       006AE2
_configuracionInicial          text19       00628A
_control1                      dataBANK0    000066
_control2                      dataBANK0    000065
_control3                      dataBANK0    000064
_control4                      dataBANK0    000063
_digitalRead                   text4        00713E
_digitalWrite                  text18       006CFE
_estado                        bssBANK0     000078
_freq                          nvBANK0      000070
_loop                          text3        00659E
_main                          text0        006356
_millis                        bssBANK0     000074
_pinMode                       text2        006F1E
_setup                         text1        00646C
analogWrite@pin                cstackBANK0  00006B
analogWrite@value              cstackBANK0  000067
btemp                          temp         00005F
digitalRead@pin                cstackCOMRAM 000003
digitalWrite@mode              cstackCOMRAM 000001
digitalWrite@pin               cstackCOMRAM 000004
end_of_initialization          cinit        00640A
int$flags                      temp         00005F
int_func                       intcode_body 00637A
intlevel0                      text         000000
intlevel1                      text         000000
intlevel2                      text         000000
intlevel3                      text         000000
pinMode@mode                   cstackCOMRAM 000001
pinMode@pin                    cstackCOMRAM 000004
stackhi                        (abs)        0007FF
stacklo                        (abs)        00007A
start                          init         00000E
start_initialization           cinit        0063DC
ttemp5                         temp         000060
ttemp6                         temp         000063
ttemp7                         temp         000067
wtemp8                         temp         000060


FUNCTION INFORMATION:

 *************** function _main *****************
 Defined at:
		line 12 in file "main.c"
 Parameters:    Size  Location     Type
		None
 Auto vars:     Size  Location     Type
		None
 Return value:  Size  Location     Type
                  2  154[None  ] int 
 Registers used:
		wreg, status,2, status,0, prodl, prodh, cstack
 Tracked objects:
		On entry : 
		On exit  : 
		Unchanged: 
 Data sizes:     COMRAM   BANK0   BANK1   BANK2   BANK3   BANK4   BANK5   BANK6   BANK7
      Params:         0       0       0       0       0       0       0       0       0
      Locals:         0       0       0       0       0       0       0       0       0
      Temps:          0       0       0       0       0       0       0       0       0
      Totals:         0       0       0       0       0       0       0       0       0
Total ram usage:        0 bytes
 Hardware stack levels required when called:    6
 This function calls:
		_configuracionInicial
		_loop
		_setup
 This function is called by:
		Startup code after reset
 This function uses a non-reentrant model


 *************** function _setup *****************
 Defined at:
		line 15 in file "application.c"
 Parameters:    Size  Location     Type
		None
 Auto vars:     Size  Location     Type
		None
 Return value:  Size  Location     Type
                  1    wreg      void 
 Registers used:
		wreg, status,2, status,0, cstack
 Tracked objects:
		On entry : 
		On exit  : 
		Unchanged: 
 Data sizes:     COMRAM   BANK0   BANK1   BANK2   BANK3   BANK4   BANK5   BANK6   BANK7
      Params:         0       0       0       0       0       0       0       0       0
      Locals:         0       0       0       0       0       0       0       0       0
      Temps:          0       0       0       0       0       0       0       0       0
      Totals:         0       0       0       0       0       0       0       0       0
Total ram usage:        0 bytes
 Hardware stack levels used:    1
 Hardware stack levels required when called:    2
 This function calls:
		_pinMode
 This function is called by:
		_main
 This function uses a non-reentrant model


 *************** function _pinMode *****************
 Defined at:
		line 55 in file "main.c"
 Parameters:    Size  Location     Type
  pin             1    wreg     unsigned char 
  mode            1    0[COMRAM] unsigned char 
 Auto vars:     Size  Location     Type
  pin             1    3[COMRAM] unsigned char 
 Return value:  Size  Location     Type
                  1    wreg      void 
 Registers used:
		wreg, status,2, status,0
 Tracked objects:
		On entry : 
		On exit  : 
		Unchanged: 
 Data sizes:     COMRAM   BANK0   BANK1   BANK2   BANK3   BANK4   BANK5   BANK6   BANK7
      Params:         1       0       0       0       0       0       0       0       0
      Locals:         1       0       0       0       0       0       0       0       0
      Temps:          2       0       0       0       0       0       0       0       0
      Totals:         4       0       0       0       0       0       0       0       0
Total ram usage:        4 bytes
 Hardware stack levels used:    1
 Hardware stack levels required when called:    1
 This function calls:
		Nothing
 This function is called by:
		_setup
		_Hola_Mundo_Init
 This function uses a non-reentrant model


 *************** function _loop *****************
 Defined at:
		line 28 in file "application.c"
 Parameters:    Size  Location     Type
		None
 Auto vars:     Size  Location     Type
		None
 Return value:  Size  Location     Type
                  1    wreg      void 
 Registers used:
		wreg, status,2, status,0, prodl, prodh, cstack
 Tracked objects:
		On entry : 
		On exit  : 
		Unchanged: 
 Data sizes:     COMRAM   BANK0   BANK1   BANK2   BANK3   BANK4   BANK5   BANK6   BANK7
      Params:         0       0       0       0       0       0       0       0       0
      Locals:         0       0       0       0       0       0       0       0       0
      Temps:          0       0       0       0       0       0       0       0       0
      Totals:         0       0       0       0       0       0       0       0       0
Total ram usage:        0 bytes
 Hardware stack levels used:    1
 Hardware stack levels required when called:    5
 This function calls:
		_RobotAdelante
		_RobotCCW
		_RobotCW
		_digitalRead
 This function is called by:
		_main
 This function uses a non-reentrant model


 *************** function _digitalRead *****************
 Defined at:
		line 205 in file "main.c"
 Parameters:    Size  Location     Type
  pin             1    wreg     unsigned char 
 Auto vars:     Size  Location     Type
  pin             1    2[COMRAM] unsigned char 
 Return value:  Size  Location     Type
                  1    wreg      unsigned char 
 Registers used:
		wreg, status,2, status,0
 Tracked objects:
		On entry : 
		On exit  : 
		Unchanged: 
 Data sizes:     COMRAM   BANK0   BANK1   BANK2   BANK3   BANK4   BANK5   BANK6   BANK7
      Params:         0       0       0       0       0       0       0       0       0
      Locals:         1       0       0       0       0       0       0       0       0
      Temps:          2       0       0       0       0       0       0       0       0
      Totals:         3       0       0       0       0       0       0       0       0
Total ram usage:        3 bytes
 Hardware stack levels used:    1
 Hardware stack levels required when called:    1
 This function calls:
		Nothing
 This function is called by:
		_loop
		_PulseIn
 This function uses a non-reentrant model


 *************** function _RobotCW *****************
 Defined at:
		line 93 in file "application.c"
 Parameters:    Size  Location     Type
  velocidad       2    5[BANK0 ] int 
 Auto vars:     Size  Location     Type
		None
 Return value:  Size  Location     Type
                  1    wreg      void 
 Registers used:
		wreg, status,2, status,0, prodl, prodh, cstack
 Tracked objects:
		On entry : 
		On exit  : 
		Unchanged: 
 Data sizes:     COMRAM   BANK0   BANK1   BANK2   BANK3   BANK4   BANK5   BANK6   BANK7
      Params:         0       2       0       0       0       0       0       0       0
      Locals:         0       0       0       0       0       0       0       0       0
      Temps:          0       0       0       0       0       0       0       0       0
      Totals:         0       2       0       0       0       0       0       0       0
Total ram usage:        2 bytes
 Hardware stack levels used:    1
 Hardware stack levels required when called:    4
 This function calls:
		_M1Atras
		_M2Adelante
		_analogWrite
 This function is called by:
		_loop
 This function uses a non-reentrant model


 *************** function _M1Atras *****************
 Defined at:
		line 54 in file "application.c"
 Parameters:    Size  Location     Type
		None
 Auto vars:     Size  Location     Type
		None
 Return value:  Size  Location     Type
                  1    wreg      void 
 Registers used:
		wreg, status,2, status,0, cstack
 Tracked objects:
		On entry : 
		On exit  : 
		Unchanged: 
 Data sizes:     COMRAM   BANK0   BANK1   BANK2   BANK3   BANK4   BANK5   BANK6   BANK7
      Params:         0       0       0       0       0       0       0       0       0
      Locals:         0       0       0       0       0       0       0       0       0
      Temps:          0       0       0       0       0       0       0       0       0
      Totals:         0       0       0       0       0       0       0       0       0
Total ram usage:        0 bytes
 Hardware stack levels used:    1
 Hardware stack levels required when called:    2
 This function calls:
		_digitalWrite
 This function is called by:
		_RobotCW
		_RobotAtras
 This function uses a non-reentrant model


 *************** function _RobotCCW *****************
 Defined at:
		line 86 in file "application.c"
 Parameters:    Size  Location     Type
  velocidad       2    5[BANK0 ] int 
 Auto vars:     Size  Location     Type
		None
 Return value:  Size  Location     Type
                  1    wreg      void 
 Registers used:
		wreg, status,2, status,0, prodl, prodh, cstack
 Tracked objects:
		On entry : 
		On exit  : 
		Unchanged: 
 Data sizes:     COMRAM   BANK0   BANK1   BANK2   BANK3   BANK4   BANK5   BANK6   BANK7
      Params:         0       2       0       0       0       0       0       0       0
      Locals:         0       0       0       0       0       0       0       0       0
      Temps:          0       0       0       0       0       0       0       0       0
      Totals:         0       2       0       0       0       0       0       0       0
Total ram usage:        2 bytes
 Hardware stack levels used:    1
 Hardware stack levels required when called:    4
 This function calls:
		_M1Adelante
		_M2Atras
		_analogWrite
 This function is called by:
		_loop
 This function uses a non-reentrant model


 *************** function _M2Atras *****************
 Defined at:
		line 66 in file "application.c"
 Parameters:    Size  Location     Type
		None
 Auto vars:     Size  Location     Type
		None
 Return value:  Size  Location     Type
                  1    wreg      void 
 Registers used:
		wreg, status,2, status,0, cstack
 Tracked objects:
		On entry : 
		On exit  : 
		Unchanged: 
 Data sizes:     COMRAM   BANK0   BANK1   BANK2   BANK3   BANK4   BANK5   BANK6   BANK7
      Params:         0       0       0       0       0       0       0       0       0
      Locals:         0       0       0       0       0       0       0       0       0
      Temps:          0       0       0       0       0       0       0       0       0
      Totals:         0       0       0       0       0       0       0       0       0
Total ram usage:        0 bytes
 Hardware stack levels used:    1
 Hardware stack levels required when called:    2
 This function calls:
		_digitalWrite
 This function is called by:
		_RobotCCW
		_RobotAtras
 This function uses a non-reentrant model


 *************** function _RobotAdelante *****************
 Defined at:
		line 72 in file "application.c"
 Parameters:    Size  Location     Type
  velocidad       2    5[BANK0 ] int 
 Auto vars:     Size  Location     Type
		None
 Return value:  Size  Location     Type
                  1    wreg      void 
 Registers used:
		wreg, status,2, status,0, prodl, prodh, cstack
 Tracked objects:
		On entry : 
		On exit  : 
		Unchanged: 
 Data sizes:     COMRAM   BANK0   BANK1   BANK2   BANK3   BANK4   BANK5   BANK6   BANK7
      Params:         0       2       0       0       0       0       0       0       0
      Locals:         0       0       0       0       0       0       0       0       0
      Temps:          0       0       0       0       0       0       0       0       0
      Totals:         0       2       0       0       0       0       0       0       0
Total ram usage:        2 bytes
 Hardware stack levels used:    1
 Hardware stack levels required when called:    4
 This function calls:
		_M1Adelante
		_M2Adelante
		_analogWrite
 This function is called by:
		_loop
 This function uses a non-reentrant model


 *************** function _analogWrite *****************
 Defined at:
		line 336 in file "main.c"
 Parameters:    Size  Location     Type
  pin             1    wreg     unsigned char 
  value           2    0[BANK0 ] unsigned int 
 Auto vars:     Size  Location     Type
  pin             1    4[BANK0 ] unsigned char 
 Return value:  Size  Location     Type
                  1    wreg      void 
 Registers used:
		wreg, status,2, status,0, prodl, prodh, cstack
 Tracked objects:
		On entry : 
		On exit  : 
		Unchanged: 
 Data sizes:     COMRAM   BANK0   BANK1   BANK2   BANK3   BANK4   BANK5   BANK6   BANK7
      Params:         0       2       0       0       0       0       0       0       0
      Locals:         0       1       0       0       0       0       0       0       0
      Temps:          0       2       0       0       0       0       0       0       0
      Totals:         0       5       0       0       0       0       0       0       0
Total ram usage:        5 bytes
 Hardware stack levels used:    1
 Hardware stack levels required when called:    3
 This function calls:
		_PWM_Max_Duty
		___fldiv
		___flmul
		___fltol
		___xxtofl
 This function is called by:
		_RobotAdelante
		_RobotCCW
		_RobotCW
		_RobotAtras
 This function uses a non-reentrant model


 *************** function ___xxtofl *****************
 Defined at:
		line 10 in file "C:\Program Files (x86)\Microchip\xc8\v2.00\pic\sources\c99\common\xxtofl.c"
 Parameters:    Size  Location     Type
  sign            1    wreg     unsigned char 
  val             4   20[COMRAM] long 
 Auto vars:     Size  Location     Type
  sign            1   28[COMRAM] unsigned char 
  arg             4   30[COMRAM] unsigned long 
  exp             1   29[COMRAM] unsigned char 
 Return value:  Size  Location     Type
                  4   20[COMRAM] unsigned char 
 Registers used:
		wreg, status,2, status,0
 Tracked objects:
		On entry : 
		On exit  : 
		Unchanged: 
 Data sizes:     COMRAM   BANK0   BANK1   BANK2   BANK3   BANK4   BANK5   BANK6   BANK7
      Params:         4       0       0       0       0       0       0       0       0
      Locals:         6       0       0       0       0       0       0       0       0
      Temps:          4       0       0       0       0       0       0       0       0
      Totals:        14       0       0       0       0       0       0       0       0
Total ram usage:       14 bytes
 Hardware stack levels used:    1
 Hardware stack levels required when called:    1
 This function calls:
		Nothing
 This function is called by:
		_analogWrite
		_Time
		_Frequency
 This function uses a non-reentrant model


 *************** function ___fltol *****************
 Defined at:
		line 43 in file "C:\Program Files (x86)\Microchip\xc8\v2.00\pic\sources\c99\common\fltol.c"
 Parameters:    Size  Location     Type
  f1              4   84[COMRAM] unsigned char 
 Auto vars:     Size  Location     Type
  exp1            1   93[COMRAM] unsigned char 
  sign1           1   92[COMRAM] unsigned char 
 Return value:  Size  Location     Type
                  4   84[COMRAM] long 
 Registers used:
		wreg, status,2, status,0
 Tracked objects:
		On entry : 
		On exit  : 
		Unchanged: 
 Data sizes:     COMRAM   BANK0   BANK1   BANK2   BANK3   BANK4   BANK5   BANK6   BANK7
      Params:         4       0       0       0       0       0       0       0       0
      Locals:         2       0       0       0       0       0       0       0       0
      Temps:          4       0       0       0       0       0       0       0       0
      Totals:        10       0       0       0       0       0       0       0       0
Total ram usage:       10 bytes
 Hardware stack levels used:    1
 Hardware stack levels required when called:    1
 This function calls:
		Nothing
 This function is called by:
		_analogWrite
 This function uses a non-reentrant model


 *************** function ___flmul *****************
 Defined at:
		line 8 in file "C:\Program Files (x86)\Microchip\xc8\v2.00\pic\sources\c99\common\sprcmul.c"
 Parameters:    Size  Location     Type
  b               4   59[COMRAM] long 
  a               4   63[COMRAM] long 
 Auto vars:     Size  Location     Type
  prod            4   78[COMRAM] struct .
  grs             4   72[COMRAM] unsigned long 
  temp            2   82[COMRAM] struct .
  bexp            1   77[COMRAM] unsigned char 
  aexp            1   76[COMRAM] unsigned char 
  sign            1   71[COMRAM] unsigned char 
 Return value:  Size  Location     Type
                  4   59[COMRAM] unsigned char 
 Registers used:
		wreg, status,2, status,0, prodl, prodh
 Tracked objects:
		On entry : 
		On exit  : 
		Unchanged: 
 Data sizes:     COMRAM   BANK0   BANK1   BANK2   BANK3   BANK4   BANK5   BANK6   BANK7
      Params:         8       0       0       0       0       0       0       0       0
      Locals:        13       0       0       0       0       0       0       0       0
      Temps:          4       0       0       0       0       0       0       0       0
      Totals:        25       0       0       0       0       0       0       0       0
Total ram usage:       25 bytes
 Hardware stack levels used:    1
 Hardware stack levels required when called:    1
 This function calls:
		Nothing
 This function is called by:
		_analogWrite
		_Time
		_Frequency
		_rescale
 This function uses a non-reentrant model


 *************** function ___fldiv *****************
 Defined at:
		line 11 in file "C:\Program Files (x86)\Microchip\xc8\v2.00\pic\sources\c99\common\sprcdiv.c"
 Parameters:    Size  Location     Type
  b               4   34[COMRAM] unsigned char 
  a               4   38[COMRAM] unsigned char 
 Auto vars:     Size  Location     Type
  grs             4   53[COMRAM] unsigned long 
  rem             4   46[COMRAM] unsigned long 
  new_exp         2   51[COMRAM] short 
  aexp            1   58[COMRAM] unsigned char 
  bexp            1   57[COMRAM] unsigned char 
  sign            1   50[COMRAM] unsigned char 
 Return value:  Size  Location     Type
                  4   34[COMRAM] unsigned char 
 Registers used:
		wreg, status,2, status,0
 Tracked objects:
		On entry : 
		On exit  : 
		Unchanged: 
 Data sizes:     COMRAM   BANK0   BANK1   BANK2   BANK3   BANK4   BANK5   BANK6   BANK7
      Params:         8       0       0       0       0       0       0       0       0
      Locals:        13       0       0       0       0       0       0       0       0
      Temps:          4       0       0       0       0       0       0       0       0
      Totals:        25       0       0       0       0       0       0       0       0
Total ram usage:       25 bytes
 Hardware stack levels used:    1
 Hardware stack levels required when called:    1
 This function calls:
		Nothing
 This function is called by:
		_analogWrite
		_Frequency
		_rescale
 This function uses a non-reentrant model


 *************** function _PWM_Max_Duty *****************
 Defined at:
		line 475 in file "main.c"
 Parameters:    Size  Location     Type
		None
 Auto vars:     Size  Location     Type
		None
 Return value:  Size  Location     Type
                  2   14[COMRAM] int 
 Registers used:
		wreg, status,2, status,0, cstack
 Tracked objects:
		On entry : 
		On exit  : 
		Unchanged: 
 Data sizes:     COMRAM   BANK0   BANK1   BANK2   BANK3   BANK4   BANK5   BANK6   BANK7
      Params:         2       0       0       0       0       0       0       0       0
      Locals:         0       0       0       0       0       0       0       0       0
      Temps:          4       0       0       0       0       0       0       0       0
      Totals:         6       0       0       0       0       0       0       0       0
Total ram usage:        6 bytes
 Hardware stack levels used:    1
 Hardware stack levels required when called:    2
 This function calls:
		___aldiv
 This function is called by:
		_analogWrite
 This function uses a non-reentrant model


 *************** function _M2Adelante *****************
 Defined at:
		line 60 in file "application.c"
 Parameters:    Size  Location     Type
		None
 Auto vars:     Size  Location     Type
		None
 Return value:  Size  Location     Type
                  1    wreg      void 
 Registers used:
		wreg, status,2, status,0, cstack
 Tracked objects:
		On entry : 
		On exit  : 
		Unchanged: 
 Data sizes:     COMRAM   BANK0   BANK1   BANK2   BANK3   BANK4   BANK5   BANK6   BANK7
      Params:         0       0       0       0       0       0       0       0       0
      Locals:         0       0       0       0       0       0       0       0       0
      Temps:          0       0       0       0       0       0       0       0       0
      Totals:         0       0       0       0       0       0       0       0       0
Total ram usage:        0 bytes
 Hardware stack levels used:    1
 Hardware stack levels required when called:    2
 This function calls:
		_digitalWrite
 This function is called by:
		_RobotAdelante
		_RobotCW
 This function uses a non-reentrant model


 *************** function _M1Adelante *****************
 Defined at:
		line 48 in file "application.c"
 Parameters:    Size  Location     Type
		None
 Auto vars:     Size  Location     Type
		None
 Return value:  Size  Location     Type
                  1    wreg      void 
 Registers used:
		wreg, status,2, status,0, cstack
 Tracked objects:
		On entry : 
		On exit  : 
		Unchanged: 
 Data sizes:     COMRAM   BANK0   BANK1   BANK2   BANK3   BANK4   BANK5   BANK6   BANK7
      Params:         0       0       0       0       0       0       0       0       0
      Locals:         0       0       0       0       0       0       0       0       0
      Temps:          0       0       0       0       0       0       0       0       0
      Totals:         0       0       0       0       0       0       0       0       0
Total ram usage:        0 bytes
 Hardware stack levels used:    1
 Hardware stack levels required when called:    2
 This function calls:
		_digitalWrite
 This function is called by:
		_RobotAdelante
		_RobotCCW
 This function uses a non-reentrant model


 *************** function _digitalWrite *****************
 Defined at:
		line 130 in file "main.c"
 Parameters:    Size  Location     Type
  pin             1    wreg     unsigned char 
  mode            1    0[COMRAM] unsigned char 
 Auto vars:     Size  Location     Type
  pin             1    3[COMRAM] unsigned char 
 Return value:  Size  Location     Type
                  1    wreg      void 
 Registers used:
		wreg, status,2, status,0
 Tracked objects:
		On entry : 
		On exit  : 
		Unchanged: 
 Data sizes:     COMRAM   BANK0   BANK1   BANK2   BANK3   BANK4   BANK5   BANK6   BANK7
      Params:         1       0       0       0       0       0       0       0       0
      Locals:         1       0       0       0       0       0       0       0       0
      Temps:          2       0       0       0       0       0       0       0       0
      Totals:         4       0       0       0       0       0       0       0       0
Total ram usage:        4 bytes
 Hardware stack levels used:    1
 Hardware stack levels required when called:    1
 This function calls:
		Nothing
 This function is called by:
		_M1Adelante
		_M1Atras
		_M2Adelante
		_M2Atras
		_Hola_Mundo
 This function uses a non-reentrant model


 *************** function _configuracionInicial *****************
 Defined at:
		line 25 in file "main.c"
 Parameters:    Size  Location     Type
		None
 Auto vars:     Size  Location     Type
		None
 Return value:  Size  Location     Type
                  1    wreg      void 
 Registers used:
		wreg, status,2, status,0, cstack
 Tracked objects:
		On entry : 
		On exit  : 
		Unchanged: 
 Data sizes:     COMRAM   BANK0   BANK1   BANK2   BANK3   BANK4   BANK5   BANK6   BANK7
      Params:         0       0       0       0       0       0       0       0       0
      Locals:         0       0       0       0       0       0       0       0       0
      Temps:          0       0       0       0       0       0       0       0       0
      Totals:         0       0       0       0       0       0       0       0       0
Total ram usage:        0 bytes
 Hardware stack levels used:    1
 Hardware stack levels required when called:    4
 This function calls:
		_ADCConfig
		_CCPConfig
		_PORTSConfiguration
		_TMR0Config
		_TMR1Config
 This function is called by:
		_main
 This function uses a non-reentrant model


 *************** function _TMR1Config *****************
 Defined at:
		line 401 in file "main.c"
 Parameters:    Size  Location     Type
		None
 Auto vars:     Size  Location     Type
		None
 Return value:  Size  Location     Type
                  1    wreg      void 
 Registers used:
		wreg, status,2
 Tracked objects:
		On entry : 
		On exit  : 
		Unchanged: 
 Data sizes:     COMRAM   BANK0   BANK1   BANK2   BANK3   BANK4   BANK5   BANK6   BANK7
      Params:         0       0       0       0       0       0       0       0       0
      Locals:         0       0       0       0       0       0       0       0       0
      Temps:          0       0       0       0       0       0       0       0       0
      Totals:         0       0       0       0       0       0       0       0       0
Total ram usage:        0 bytes
 Hardware stack levels used:    1
 Hardware stack levels required when called:    1
 This function calls:
		Nothing
 This function is called by:
		_configuracionInicial
 This function uses a non-reentrant model


 *************** function _TMR0Config *****************
 Defined at:
		line 370 in file "main.c"
 Parameters:    Size  Location     Type
		None
 Auto vars:     Size  Location     Type
		None
 Return value:  Size  Location     Type
                  1    wreg      void 
 Registers used:
		None
 Tracked objects:
		On entry : 
		On exit  : 
		Unchanged: 
 Data sizes:     COMRAM   BANK0   BANK1   BANK2   BANK3   BANK4   BANK5   BANK6   BANK7
      Params:         0       0       0       0       0       0       0       0       0
      Locals:         0       0       0       0       0       0       0       0       0
      Temps:          0       0       0       0       0       0       0       0       0
      Totals:         0       0       0       0       0       0       0       0       0
Total ram usage:        0 bytes
 Hardware stack levels used:    1
 Hardware stack levels required when called:    1
 This function calls:
		Nothing
 This function is called by:
		_configuracionInicial
 This function uses a non-reentrant model


 *************** function _PORTSConfiguration *****************
 Defined at:
		line 450 in file "main.c"
 Parameters:    Size  Location     Type
		None
 Auto vars:     Size  Location     Type
		None
 Return value:  Size  Location     Type
                  1    wreg      void 
 Registers used:
		wreg, status,2
 Tracked objects:
		On entry : 
		On exit  : 
		Unchanged: 
 Data sizes:     COMRAM   BANK0   BANK1   BANK2   BANK3   BANK4   BANK5   BANK6   BANK7
      Params:         0       0       0       0       0       0       0       0       0
      Locals:         0       0       0       0       0       0       0       0       0
      Temps:          0       0       0       0       0       0       0       0       0
      Totals:         0       0       0       0       0       0       0       0       0
Total ram usage:        0 bytes
 Hardware stack levels used:    1
 Hardware stack levels required when called:    1
 This function calls:
		Nothing
 This function is called by:
		_configuracionInicial
 This function uses a non-reentrant model


 *************** function _CCPConfig *****************
 Defined at:
		line 363 in file "main.c"
 Parameters:    Size  Location     Type
		None
 Auto vars:     Size  Location     Type
		None
 Return value:  Size  Location     Type
                  1    wreg      void 
 Registers used:
		wreg, status,2, status,0, cstack
 Tracked objects:
		On entry : 
		On exit  : 
		Unchanged: 
 Data sizes:     COMRAM   BANK0   BANK1   BANK2   BANK3   BANK4   BANK5   BANK6   BANK7
      Params:         0       0       0       0       0       0       0       0       0
      Locals:         0       0       0       0       0       0       0       0       0
      Temps:          0       0       0       0       0       0       0       0       0
      Totals:         0       0       0       0       0       0       0       0       0
Total ram usage:        0 bytes
 Hardware stack levels used:    1
 Hardware stack levels required when called:    3
 This function calls:
		_PWM1_Init
		_PWM1_Start
		_PWM2_Init
		_PWM2_Start
 This function is called by:
		_configuracionInicial
 This function uses a non-reentrant model


 *************** function _PWM2_Start *****************
 Defined at:
		line 511 in file "main.c"
 Parameters:    Size  Location     Type
		None
 Auto vars:     Size  Location     Type
		None
 Return value:  Size  Location     Type
                  1    wreg      void 
 Registers used:
		None
 Tracked objects:
		On entry : 
		On exit  : 
		Unchanged: 
 Data sizes:     COMRAM   BANK0   BANK1   BANK2   BANK3   BANK4   BANK5   BANK6   BANK7
      Params:         0       0       0       0       0       0       0       0       0
      Locals:         0       0       0       0       0       0       0       0       0
      Temps:          0       0       0       0       0       0       0       0       0
      Totals:         0       0       0       0       0       0       0       0       0
Total ram usage:        0 bytes
 Hardware stack levels used:    1
 Hardware stack levels required when called:    1
 This function calls:
		Nothing
 This function is called by:
		_CCPConfig
 This function uses a non-reentrant model


 *************** function _PWM2_Init *****************
 Defined at:
		line 484 in file "main.c"
 Parameters:    Size  Location     Type
  fre             4   14[COMRAM] long 
 Auto vars:     Size  Location     Type
		None
 Return value:  Size  Location     Type
                  1    wreg      void 
 Registers used:
		wreg, status,2, status,0, cstack
 Tracked objects:
		On entry : 
		On exit  : 
		Unchanged: 
 Data sizes:     COMRAM   BANK0   BANK1   BANK2   BANK3   BANK4   BANK5   BANK6   BANK7
      Params:         4       0       0       0       0       0       0       0       0
      Locals:         0       0       0       0       0       0       0       0       0
      Temps:          4       0       0       0       0       0       0       0       0
      Totals:         8       0       0       0       0       0       0       0       0
Total ram usage:        8 bytes
 Hardware stack levels used:    1
 Hardware stack levels required when called:    2
 This function calls:
		___aldiv
 This function is called by:
		_CCPConfig
 This function uses a non-reentrant model


 *************** function _PWM1_Start *****************
 Defined at:
		line 489 in file "main.c"
 Parameters:    Size  Location     Type
		None
 Auto vars:     Size  Location     Type
		None
 Return value:  Size  Location     Type
                  1    wreg      void 
 Registers used:
		None
 Tracked objects:
		On entry : 
		On exit  : 
		Unchanged: 
 Data sizes:     COMRAM   BANK0   BANK1   BANK2   BANK3   BANK4   BANK5   BANK6   BANK7
      Params:         0       0       0       0       0       0       0       0       0
      Locals:         0       0       0       0       0       0       0       0       0
      Temps:          0       0       0       0       0       0       0       0       0
      Totals:         0       0       0       0       0       0       0       0       0
Total ram usage:        0 bytes
 Hardware stack levels used:    1
 Hardware stack levels required when called:    1
 This function calls:
		Nothing
 This function is called by:
		_CCPConfig
 This function uses a non-reentrant model


 *************** function _PWM1_Init *****************
 Defined at:
		line 479 in file "main.c"
 Parameters:    Size  Location     Type
  fre             4   14[COMRAM] long 
 Auto vars:     Size  Location     Type
		None
 Return value:  Size  Location     Type
                  1    wreg      void 
 Registers used:
		wreg, status,2, status,0, cstack
 Tracked objects:
		On entry : 
		On exit  : 
		Unchanged: 
 Data sizes:     COMRAM   BANK0   BANK1   BANK2   BANK3   BANK4   BANK5   BANK6   BANK7
      Params:         4       0       0       0       0       0       0       0       0
      Locals:         0       0       0       0       0       0       0       0       0
      Temps:          4       0       0       0       0       0       0       0       0
      Totals:         8       0       0       0       0       0       0       0       0
Total ram usage:        8 bytes
 Hardware stack levels used:    1
 Hardware stack levels required when called:    2
 This function calls:
		___aldiv
 This function is called by:
		_CCPConfig
 This function uses a non-reentrant model


 *************** function ___aldiv *****************
 Defined at:
		line 7 in file "C:\Program Files (x86)\Microchip\xc8\v2.00\pic\sources\c99\common\aldiv.c"
 Parameters:    Size  Location     Type
  dividend        4    0[COMRAM] long 
  divisor         4    4[COMRAM] long 
 Auto vars:     Size  Location     Type
  quotient        4   10[COMRAM] long 
  sign            1    9[COMRAM] unsigned char 
  counter         1    8[COMRAM] unsigned char 
 Return value:  Size  Location     Type
                  4    0[COMRAM] long 
 Registers used:
		wreg, status,2, status,0
 Tracked objects:
		On entry : 
		On exit  : 
		Unchanged: 
 Data sizes:     COMRAM   BANK0   BANK1   BANK2   BANK3   BANK4   BANK5   BANK6   BANK7
      Params:         8       0       0       0       0       0       0       0       0
      Locals:         6       0       0       0       0       0       0       0       0
      Temps:          0       0       0       0       0       0       0       0       0
      Totals:        14       0       0       0       0       0       0       0       0
Total ram usage:       14 bytes
 Hardware stack levels used:    1
 Hardware stack levels required when called:    1
 This function calls:
		Nothing
 This function is called by:
		_PWM_Max_Duty
		_PWM1_Init
		_PWM2_Init
		_SerialBegin
 This function uses a non-reentrant model


 *************** function _ADCConfig *****************
 Defined at:
		line 310 in file "main.c"
 Parameters:    Size  Location     Type
		None
 Auto vars:     Size  Location     Type
		None
 Return value:  Size  Location     Type
                  1    wreg      void 
 Registers used:
		wreg, status,2
 Tracked objects:
		On entry : 
		On exit  : 
		Unchanged: 
 Data sizes:     COMRAM   BANK0   BANK1   BANK2   BANK3   BANK4   BANK5   BANK6   BANK7
      Params:         0       0       0       0       0       0       0       0       0
      Locals:         0       0       0       0       0       0       0       0       0
      Temps:          0       0       0       0       0       0       0       0       0
      Totals:         0       0       0       0       0       0       0       0       0
Total ram usage:        0 bytes
 Hardware stack levels used:    1
 Hardware stack levels required when called:    1
 This function calls:
		Nothing
 This function is called by:
		_configuracionInicial
 This function uses a non-reentrant model


 *************** function _TimerOverflow *****************
 Defined at:
		line 389 in file "main.c"
 Parameters:    Size  Location     Type
		None
 Auto vars:     Size  Location     Type
		None
 Return value:  Size  Location     Type
                  1    wreg      void 
 Registers used:
		wreg, status,2, status,0
 Tracked objects:
		On entry : 
		On exit  : 
		Unchanged: 
 Data sizes:     COMRAM   BANK0   BANK1   BANK2   BANK3   BANK4   BANK5   BANK6   BANK7
      Params:         0       0       0       0       0       0       0       0       0
      Locals:         0       0       0       0       0       0       0       0       0
      Temps:          0       0       0       0       0       0       0       0       0
      Totals:         0       0       0       0       0       0       0       0       0
Total ram usage:        0 bytes
 Hardware stack levels used:    1
 This function calls:
		Nothing
 This function is called by:
		Interrupt level 2
 This function uses a non-reentrant model



MODULE INFORMATION

Module		Function		Class		Link	Load	Size
C:\Program Files (x86)\Microchip\xc8\v2.00\pic\sources\c99\common\sprcmul.c
		___flmul       		CODE           	7892	0000	1135

C:\Program Files (x86)\Microchip\xc8\v2.00\pic\sources\c99\common\sprcmul.c estimated size: 1135

C:\Program Files (x86)\Microchip\xc8\v2.00\pic\sources\c99\common\sprcdiv.c
		___fldiv       		CODE           	7472	0000	1057

C:\Program Files (x86)\Microchip\xc8\v2.00\pic\sources\c99\common\sprcdiv.c estimated size: 1057

C:\Program Files (x86)\Microchip\xc8\v2.00\pic\sources\c99\common\xxtofl.c
		___xxtofl      		CODE           	6906	0000	477

C:\Program Files (x86)\Microchip\xc8\v2.00\pic\sources\c99\common\xxtofl.c estimated size: 477

shared
		__initialization		CODE           	63DC	0000	47

shared estimated size: 47

C:\Program Files (x86)\Microchip\xc8\v2.00\pic\sources\c99\common\fltol.c
		___fltol       		CODE           	67B4	0000	339

C:\Program Files (x86)\Microchip\xc8\v2.00\pic\sources\c99\common\fltol.c estimated size: 339

C:\Program Files (x86)\Microchip\xc8\v2.00\pic\sources\c99\common\aldiv.c
		___aldiv       		CODE           	6680	0000	309

C:\Program Files (x86)\Microchip\xc8\v2.00\pic\sources\c99\common\aldiv.c estimated size: 309

application.c
		_loop          		CODE           	659E	0000	227
		_RobotCCW      		CODE           	6308	0000	27
		_RobotAdelante 		CODE           	62D4	0000	27
		_M1Adelante    		CODE           	62A0	0000	27
		_M2Adelante    		CODE           	62BA	0000	27
		_setup         		CODE           	646C	0000	87
		_M1Atras       		CODE           	6322	0000	27
		_M2Atras       		CODE           	62EE	0000	27
		_RobotCW       		CODE           	633C	0000	27

application.c estimated size: 503

main.c
		_PWM1_Start    		CODE           	6248	0000	13
		_PWM2_Start    		CODE           	6254	0000	13
		_main          		CODE           	6356	0000	37
		_analogWrite   		CODE           	6AE2	0000	541
		_PWM1_Init     		CODE           	64C2	0000	111
		_digitalRead   		CODE           	713E	0000	821
		_PWM_Max_Duty  		CODE           	6418	0000	85
		_CCPConfig     		CODE           	63AA	0000	51
		_PWM2_Init     		CODE           	6530	0000	111
		_digitalWrite  		CODE           	6CFE	0000	545
		_TMR0Config    		CODE           	6238	0000	3
		_TimerOverflow 		CODE           	0008	0000	55
		_TMR1Config    		CODE           	623A	0000	7
		_PORTSConfiguration		CODE           	6260	0000	21
		_pinMode       		CODE           	6F1E	0000	545
		_configuracionInicial		CODE           	628A	0000	23
		_ADCConfig     		CODE           	6274	0000	23

main.c estimated size: 3005

